<?xml version="1.0" encoding="UTF-8"?>
<testsuites name="Mocha Tests" time="0.004" tests="1" failures="1">
  <testsuite name="Root Suite" timestamp="2023-05-23T04:50:38" tests="0" time="0.000" failures="0">
  </testsuite>
  <testsuite name="### POST /api/category" timestamp="2023-05-23T04:50:38" tests="1" file="/var/www/test-notifications-system/unit-tests/test-categories.js" time="0.003" failures="1">
    <testcase name="### POST /api/category should return the Category Created successfully" time="0.000" classname="should return the Category Created successfully">
      <failure message="request is not defined" type="ReferenceError"><![CDATA[ReferenceError: request is not defined
    at Context.<anonymous> (unit-tests/test-categories.js:6:5)
    at process.processImmediate (node:internal/timers:476:21)]]></failure>
    </testcase>
  </testsuite>
</testsuites>